// Jest Snapshot v1, https://goo.gl/fbAQLP

exports[`should render Editor correctely 1`] = `
<div
  className="container"
>
  <div
    className="row"
  >
    <div
      className="col-6"
    >
      <form>
        <div
          className="form-group"
        >
          <input
            className="form-control"
            placeholder="title"
            type="text"
          />
          <textarea
            className="form-control"
            cols="30"
            rows="10"
          />
        </div>
      </form>
    </div>
  </div>
</div>
`;
